Processing esp8266 (platform: espressif8266; board: esp12e; framework: arduino)
--------------------------------------------------------------------------------
Verbose mode can be enabled via `-v, --verbose` option
CONFIGURATION: https://docs.platformio.org/page/boards/espressif8266/esp12e.html
PLATFORM: Espressif 8266 (4.2.1) > Espressif ESP8266 ESP-12E
HARDWARE: ESP8266 80MHz, 80KB RAM, 4MB Flash
PACKAGES: 
 - framework-arduinoespressif8266 @ 3.30102.0 (3.1.2) 
 - tool-esptool @ 1.413.0 (4.13) 
 - tool-esptoolpy @ 1.30000.201119 (3.0.0) 
 - toolchain-xtensa @ 2.100300.220621 (10.3.0)
LDF: Library Dependency Finder -> https://bit.ly/configure-pio-ldf
LDF Modes: Finder ~ chain, Compatibility ~ soft
Found 41 compatible libraries
Scanning dependencies...
Dependency Graph
|-- MQTT @ 2.5.3
|-- HAMqttDevice @ 1.4.1
|-- WiFiManager @ 2.0.17
|-- ArduinoJson @ 6.21.6
|-- DNSServer @ 1.1.1
|-- ESP8266HTTPClient @ 1.2
|-- ESP8266HTTPUpdateServer @ 1.0
|-- ESP8266SSDP @ 1.0
|-- ESP8266WebServer @ 1.0
|-- ESP8266WiFi @ 1.0
|-- ESP8266httpUpdate @ 1.3
|-- ESP8266mDNS @ 1.2
|-- LittleFS @ 0.1.0
|-- SPI @ 1.0
|-- Servo @ 1.0.2
Building in release mode
Compiling .pio/build/esp8266/src/main.cpp.o
Linking .pio/build/esp8266/firmware.elf
Retrieving maximum program size .pio/build/esp8266/firmware.elf
Checking size .pio/build/esp8266/firmware.elf
Advanced Memory Usage is available via "PlatformIO Home > Project Inspect"
RAM:   [=====     ]  52.8% (used 43240 bytes from 81920 bytes)
Flash: [=====     ]  47.4% (used 495447 bytes from 1044464 bytes)
Building .pio/build/esp8266/firmware.bin
/home/tehrobot-assistant/.platformio/packages/framework-arduinoespressif8266/tools/elf2bin.py:54: SyntaxWarning: invalid escape sequence '\s'
  words = re.split('\s+', line)
/home/tehrobot-assistant/.platformio/packages/framework-arduinoespressif8266/tools/elf2bin.py:73: SyntaxWarning: invalid escape sequence '\s'
  words = re.split('\s+', line)
Creating BIN file ".pio/build/esp8266/firmware.bin" using "/home/tehrobot-assistant/.platformio/packages/framework-arduinoespressif8266/bootloaders/eboot/eboot.elf" and ".pio/build/esp8266/firmware.elf"
========================= [SUCCESS] Took 4.45 seconds =========================
